     1                                  ;The program computes the expression 15/3
     2                                  
     3                                  bits 32 ; assembling for the 32 bits architecture
     4                                  
     5                                  global start        
     6                                  
     7                                  extern exit         
     8                                  import exit msvcrt.dll    
     9                                  
    10                                  segment data use32 class=data
    11 00000000 0F00                        a dw 15
    12 00000002 03                          b db 3
    13                                  
    14                                  segment code use32 class=code
    15                                      start:
    16                                          
    17 00000000 66A1[00000000]                  mov AX, [a]          ;AX=a
    18 00000006 F635[02000000]                  div byte [b]         ;AL=AX/b=a/b
    19                                          
    20                                      ;The final result is stored in AL == 5
    21                                          
    22 0000000C 6A00                            push    dword 0      ; push the parameter for exit onto the stack
    23 0000000E FF15[00000000]                  call    [exit]       ; call exit to terminate the program
